{
  "error": {
    "code": "permission-denied",
    "hint": "admin request list requires ADMIN mode — run `byreis doctor` to check your current mode",
    "message": "command \"request-list\" is not permitted in CONTRIBUTOR mode: command not permitted in the current mode — this requires an admin key; see `byreis doctor` for your current mode"
  }
}
